0 verbose cli /usr/local/bin/node /usr/local/bin/npm
1 info using npm@10.9.0
2 info using node@v23.3.0
3 silly config load:file:/usr/local/lib/node_modules/npm/npmrc
4 silly config load:file:/Users/user1/Documents/kinetic_coffee/.npmrc
5 silly config load:file:/Users/user1/.npmrc
6 silly config load:file:/usr/local/etc/npmrc
7 verbose title npm install lenis@latest
8 verbose argv "install" "lenis@latest" "--cache" ".npm_cache"
9 verbose logfile logs-max:10 dir:/Users/user1/Documents/kinetic_coffee/.npm_cache/_logs/2026-04-08T20_29_35_956Z-
10 verbose logfile /Users/user1/Documents/kinetic_coffee/.npm_cache/_logs/2026-04-08T20_29_35_956Z-debug-0.log
11 silly logfile done cleaning log files
12 silly packumentCache heap:2197815296 maxSize:549453824 maxEntrySize:274726912
13 silly packumentCache corgi:https://registry.npmjs.org/lenis cache-miss
14 http fetch GET 200 https://registry.npmjs.org/npm 1199ms
15 http fetch GET 200 https://registry.npmjs.org/lenis 1212ms (cache miss)
16 silly packumentCache corgi:https://registry.npmjs.org/lenis set size:undefined disposed:false
17 silly idealTree buildDeps
18 silly fetch manifest lenis@1.3.21
19 silly packumentCache full:https://registry.npmjs.org/lenis cache-miss
20 http fetch GET 200 https://registry.npmjs.org/lenis 203ms (cache miss)
21 silly packumentCache full:https://registry.npmjs.org/lenis set size:undefined disposed:false
22 silly fetch manifest @nuxt/kit@>=3.0.0
23 silly packumentCache full:https://registry.npmjs.org/@nuxt%2fkit cache-miss
24 http fetch GET 200 https://registry.npmjs.org/@nuxt%2fkit 311ms (cache miss)
25 silly packumentCache full:https://registry.npmjs.org/@nuxt%2fkit set size:undefined disposed:false
26 silly fetch manifest react@19.2.4
27 silly packumentCache full:https://registry.npmjs.org/react cache-miss
28 http fetch GET 200 https://registry.npmjs.org/react 548ms (cache miss)
29 silly packumentCache full:https://registry.npmjs.org/react set size:undefined disposed:false
30 silly fetch manifest vue@>=3.0.0
31 silly packumentCache full:https://registry.npmjs.org/vue cache-miss
32 http fetch GET 200 https://registry.npmjs.org/vue 442ms (cache miss)
33 silly packumentCache full:https://registry.npmjs.org/vue set size:undefined disposed:false
34 silly fetch manifest typescript@^5
35 silly packumentCache full:https://registry.npmjs.org/typescript cache-miss
36 http fetch GET 200 https://registry.npmjs.org/typescript 344ms (cache miss)
37 silly packumentCache full:https://registry.npmjs.org/typescript set size:undefined disposed:false
38 silly placeDep ROOT lenis@1.3.21 OK for: kinetic_coffee@0.1.0 want: 1.3.21
39 warn EBADENGINE Unsupported engine {
39 warn EBADENGINE   package: 'eslint-visitor-keys@5.0.1',
39 warn EBADENGINE   required: { node: '^20.19.0 || ^22.13.0 || >=24' },
39 warn EBADENGINE   current: { node: 'v23.3.0', npm: '10.9.0' }
39 warn EBADENGINE }
40 silly reify moves {}
41 verbose reify failed optional dependency /Users/user1/Documents/kinetic_coffee/node_modules/@tailwindcss/oxide-wasm32-wasi
42 silly reify mark deleted [
42 silly reify   '/Users/user1/Documents/kinetic_coffee/node_modules/@tailwindcss/oxide-wasm32-wasi'
42 silly reify ]
43 silly audit bulk request {
43 silly audit   '@alloc/quick-lru': [ '5.2.0' ],
43 silly audit   '@babel/code-frame': [ '7.29.0' ],
43 silly audit   '@babel/compat-data': [ '7.29.0' ],
43 silly audit   '@babel/core': [ '7.29.0' ],
43 silly audit   '@babel/generator': [ '7.29.1' ],
43 silly audit   '@babel/helper-compilation-targets': [ '7.28.6' ],
43 silly audit   '@babel/helper-globals': [ '7.28.0' ],
43 silly audit   '@babel/helper-module-imports': [ '7.28.6' ],
43 silly audit   '@babel/helper-module-transforms': [ '7.28.6' ],
43 silly audit   '@babel/helper-string-parser': [ '7.27.1' ],
43 silly audit   '@babel/helper-validator-identifier': [ '7.28.5' ],
43 silly audit   '@babel/helper-validator-option': [ '7.27.1' ],
43 silly audit   '@babel/helpers': [ '7.29.2' ],
43 silly audit   '@babel/parser': [ '7.29.2' ],
43 silly audit   '@babel/runtime': [ '7.29.2' ],
43 silly audit   '@babel/template': [ '7.28.6' ],
43 silly audit   '@babel/traverse': [ '7.29.0' ],
43 silly audit   '@babel/types': [ '7.29.0' ],
43 silly audit   '@dimforge/rapier3d-compat': [ '0.12.0' ],
43 silly audit   '@emnapi/core': [ '1.9.2' ],
43 silly audit   '@emnapi/runtime': [ '1.9.2' ],
43 silly audit   '@emnapi/wasi-threads': [ '1.2.1' ],
43 silly audit   '@eslint-community/eslint-utils': [ '4.9.1' ],
43 silly audit   'eslint-visitor-keys': [ '3.4.3', '5.0.1', '4.2.1' ],
43 silly audit   '@eslint-community/regexpp': [ '4.12.2' ],
43 silly audit   '@eslint/config-array': [ '0.21.2' ],
43 silly audit   '@eslint/config-helpers': [ '0.4.2' ],
43 silly audit   '@eslint/core': [ '0.17.0' ],
43 silly audit   '@eslint/eslintrc': [ '3.3.5' ],
43 silly audit   '@eslint/js': [ '9.39.4' ],
43 silly audit   '@eslint/object-schema': [ '2.1.7' ],
43 silly audit   '@eslint/plugin-kit': [ '0.4.1' ],
43 silly audit   '@humanfs/core': [ '0.19.1' ],
43 silly audit   '@humanfs/node': [ '0.16.7' ],
43 silly audit   '@humanwhocodes/module-importer': [ '1.0.1' ],
43 silly audit   '@humanwhocodes/retry': [ '0.4.3' ],
43 silly audit   '@img/colour': [ '1.1.0' ],
43 silly audit   '@img/sharp-darwin-arm64': [ '0.34.5' ],
43 silly audit   '@img/sharp-darwin-x64': [ '0.34.5' ],
43 silly audit   '@img/sharp-libvips-darwin-arm64': [ '1.2.4' ],
43 silly audit   '@img/sharp-libvips-darwin-x64': [ '1.2.4' ],
43 silly audit   '@img/sharp-libvips-linux-arm': [ '1.2.4' ],
43 silly audit   '@img/sharp-libvips-linux-arm64': [ '1.2.4' ],
43 silly audit   '@img/sharp-libvips-linux-ppc64': [ '1.2.4' ],
43 silly audit   '@img/sharp-libvips-linux-riscv64': [ '1.2.4' ],
43 silly audit   '@img/sharp-libvips-linux-s390x': [ '1.2.4' ],
43 silly audit   '@img/sharp-libvips-linux-x64': [ '1.2.4' ],
43 silly audit   '@img/sharp-libvips-linuxmusl-arm64': [ '1.2.4' ],
43 silly audit   '@img/sharp-libvips-linuxmusl-x64': [ '1.2.4' ],
43 silly audit   '@img/sharp-linux-arm': [ '0.34.5' ],
43 silly audit   '@img/sharp-linux-arm64': [ '0.34.5' ],
43 silly audit   '@img/sharp-linux-ppc64': [ '0.34.5' ],
43 silly audit   '@img/sharp-linux-riscv64': [ '0.34.5' ],
43 silly audit   '@img/sharp-linux-s390x': [ '0.34.5' ],
43 silly audit   '@img/sharp-linux-x64': [ '0.34.5' ],
43 silly audit   '@img/sharp-linuxmusl-arm64': [ '0.34.5' ],
43 silly audit   '@img/sharp-linuxmusl-x64': [ '0.34.5' ],
43 silly audit   '@img/sharp-wasm32': [ '0.34.5' ],
43 silly audit   '@img/sharp-win32-arm64': [ '0.34.5' ],
43 silly audit   '@img/sharp-win32-ia32': [ '0.34.5' ],
43 silly audit   '@img/sharp-win32-x64': [ '0.34.5' ],
43 silly audit   '@jridgewell/gen-mapping': [ '0.3.13' ],
43 silly audit   '@jridgewell/remapping': [ '2.3.5' ],
43 silly audit   '@jridgewell/resolve-uri': [ '3.1.2' ],
43 silly audit   '@jridgewell/sourcemap-codec': [ '1.5.5' ],
43 silly audit   '@jridgewell/trace-mapping': [ '0.3.31' ],
43 silly audit   '@mediapipe/tasks-vision': [ '0.10.17' ],
43 silly audit   '@monogrid/gainmap-js': [ '3.4.0' ],
43 silly audit   '@napi-rs/wasm-runtime': [ '0.2.12' ],
43 silly audit   '@next/env': [ '16.2.2' ],
43 silly audit   '@next/eslint-plugin-next': [ '16.2.2' ],
43 silly audit   '@next/swc-darwin-arm64': [ '16.2.2' ],
43 silly audit   '@next/swc-darwin-x64': [ '16.2.2' ],
43 silly audit   '@next/swc-linux-arm64-gnu': [ '16.2.2' ],
43 silly audit   '@next/swc-linux-arm64-musl': [ '16.2.2' ],
43 silly audit   '@next/swc-linux-x64-gnu': [ '16.2.2' ],
43 silly audit   '@next/swc-linux-x64-musl': [ '16.2.2' ],
43 silly audit   '@next/swc-win32-arm64-msvc': [ '16.2.2' ],
43 silly audit   '@next/swc-win32-x64-msvc': [ '16.2.2' ],
43 silly audit   '@nodelib/fs.scandir': [ '2.1.5' ],
43 silly audit   '@nodelib/fs.stat': [ '2.0.5' ],
43 silly audit   '@nodelib/fs.walk': [ '1.2.8' ],
43 silly audit   '@nolyfill/is-core-module': [ '1.0.39' ],
43 silly audit   '@react-three/drei': [ '10.7.7' ],
43 silly audit   '@react-three/fiber': [ '9.5.0' ],
43 silly audit   '@rtsao/scc': [ '1.1.0' ],
43 silly audit   '@swc/helpers': [ '0.5.15' ],
43 silly audit   '@tailwindcss/node': [ '4.2.2' ],
43 silly audit   '@tailwindcss/oxide': [ '4.2.2' ],
43 silly audit   '@tailwindcss/oxide-android-arm64': [ '4.2.2' ],
43 silly audit   '@tailwindcss/oxide-darwin-arm64': [ '4.2.2' ],
43 silly audit   '@tailwindcss/oxide-darwin-x64': [ '4.2.2' ],
43 silly audit   '@tailwindcss/oxide-freebsd-x64': [ '4.2.2' ],
43 silly audit   '@tailwindcss/oxide-linux-arm-gnueabihf': [ '4.2.2' ],
43 silly audit   '@tailwindcss/oxide-linux-arm64-gnu': [ '4.2.2' ],
43 silly audit   '@tailwindcss/oxide-linux-arm64-musl': [ '4.2.2' ],
43 silly audit   '@tailwindcss/oxide-linux-x64-gnu': [ '4.2.2' ],
43 silly audit   '@tailwindcss/oxide-linux-x64-musl': [ '4.2.2' ],
43 silly audit   '@tailwindcss/oxide-win32-arm64-msvc': [ '4.2.2' ],
43 silly audit   '@tailwindcss/oxide-win32-x64-msvc': [ '4.2.2' ],
43 silly audit   '@tailwindcss/postcss': [ '4.2.2' ],
43 silly audit   '@tweenjs/tween.js': [ '23.1.3' ],
43 silly audit   '@tybys/wasm-util': [ '0.10.1' ],
43 silly audit   '@types/draco3d': [ '1.4.10' ],
43 silly audit   '@types/estree': [ '1.0.8' ],
43 silly audit   '@types/json-schema': [ '7.0.15' ],
43 silly audit   '@types/json5': [ '0.0.29' ],
43 silly audit   '@types/node': [ '20.19.39' ],
43 silly audit   '@types/offscreencanvas': [ '2019.7.3' ],
43 silly audit   '@types/react': [ '19.2.14' ],
43 silly audit   '@types/react-dom': [ '19.2.3' ],
43 silly audit   '@types/react-reconciler': [ '0.28.9' ],
43 silly audit   '@types/stats.js': [ '0.17.4' ],
43 silly audit   '@types/three': [ '0.183.1' ],
43 silly audit   '@types/webxr': [ '0.5.24' ],
43 silly audit   '@typescript-eslint/eslint-plugin': [ '8.58.1' ],
43 silly audit   ignore: [ '7.0.5', '5.3.2' ],
43 silly audit   '@typescript-eslint/parser': [ '8.58.1' ],
43 silly audit   '@typescript-eslint/project-service': [ '8.58.1' ],
43 silly audit   '@typescript-eslint/scope-manager': [ '8.58.1' ],
43 silly audit   '@typescript-eslint/tsconfig-utils': [ '8.58.1' ],
43 silly audit   '@typescript-eslint/type-utils': [ '8.58.1' ],
43 silly audit   '@typescript-eslint/types': [ '8.58.1' ],
43 silly audit   '@typescript-eslint/typescript-estree': [ '8.58.1' ],
43 silly audit   'balanced-match': [ '4.0.4', '1.0.2' ],
43 silly audit   'brace-expansion': [ '5.0.5', '1.1.13' ],
43 silly audit   minimatch: [ '10.2.5', '3.1.5' ],
43 silly audit   semver: [ '7.7.4', '6.3.1' ],
43 silly audit   '@typescript-eslint/utils': [ '8.58.1' ],
43 silly audit   '@typescript-eslint/visitor-keys': [ '8.58.1' ],
43 silly audit   '@unrs/resolver-binding-android-arm-eabi': [ '1.11.1' ],
43 silly audit   '@unrs/resolver-binding-android-arm64': [ '1.11.1' ],
43 silly audit   '@unrs/resolver-binding-darwin-arm64': [ '1.11.1' ],
43 silly audit   '@unrs/resolver-binding-darwin-x64': [ '1.11.1' ],
43 silly audit   '@unrs/resolver-binding-freebsd-x64': [ '1.11.1' ],
43 silly audit   '@unrs/resolver-binding-linux-arm-gnueabihf': [ '1.11.1' ],
43 silly audit   '@unrs/resolver-binding-linux-arm-musleabihf': [ '1.11.1' ],
43 silly audit   '@unrs/resolver-binding-linux-arm64-gnu': [ '1.11.1' ],
43 silly audit   '@unrs/resolver-binding-linux-arm64-musl': [ '1.11.1' ],
43 silly audit   '@unrs/resolver-binding-linux-ppc64-gnu': [ '1.11.1' ],
43 silly audit   '@unrs/resolver-binding-linux-riscv64-gnu': [ '1.11.1' ],
43 silly audit   '@unrs/resolver-binding-linux-riscv64-musl': [ '1.11.1' ],
43 silly audit   '@unrs/resolver-binding-linux-s390x-gnu': [ '1.11.1' ],
43 silly audit   '@unrs/resolver-binding-linux-x64-gnu': [ '1.11.1' ],
43 silly audit   '@unrs/resolver-binding-linux-x64-musl': [ '1.11.1' ],
43 silly audit   '@unrs/resolver-binding-wasm32-wasi': [ '1.11.1' ],
43 silly audit   '@unrs/resolver-binding-win32-arm64-msvc': [ '1.11.1' ],
43 silly audit   '@unrs/resolver-binding-win32-ia32-msvc': [ '1.11.1' ],
43 silly audit   '@unrs/resolver-binding-win32-x64-msvc': [ '1.11.1' ],
43 silly audit   '@use-gesture/core': [ '10.3.1' ],
43 silly audit   '@use-gesture/react': [ '10.3.1' ],
43 silly audit   '@webgpu/types': [ '0.1.69' ],
43 silly audit   acorn: [ '8.16.0' ],
43 silly audit   'acorn-jsx': [ '5.3.2' ],
43 silly audit   ajv: [ '6.14.0' ],
43 silly audit   'ansi-styles': [ '4.3.0' ],
43 silly audit   argparse: [ '2.0.1' ],
43 silly audit   'aria-query': [ '5.3.2' ],
43 silly audit   'array-buffer-byte-length': [ '1.0.2' ],
43 silly audit   'array-includes': [ '3.1.9' ],
43 silly audit   'array.prototype.findlast': [ '1.2.5' ],
43 silly audit   'array.prototype.findlastindex': [ '1.2.6' ],
43 silly audit   'array.prototype.flat': [ '1.3.3' ],
43 silly audit   'array.prototype.flatmap': [ '1.3.3' ],
43 silly audit   'array.prototype.tosorted': [ '1.1.4' ],
43 silly audit   'arraybuffer.prototype.slice': [ '1.0.4' ],
43 silly audit   'ast-types-flow': [ '0.0.8' ],
43 silly audit   'async-function': [ '1.0.0' ],
43 silly audit   'available-typed-arrays': [ '1.0.7' ],
43 silly audit   'axe-core': [ '4.11.2' ],
43 silly audit   'axobject-query': [ '4.1.0' ],
43 silly audit   'base64-js': [ '1.5.1' ],
43 silly audit   'baseline-browser-mapping': [ '2.10.16' ],
43 silly audit   'bidi-js': [ '1.0.3' ],
43 silly audit   braces: [ '3.0.3' ],
43 silly audit   browserslist: [ '4.28.2' ],
43 silly audit   buffer: [ '6.0.3' ],
43 silly audit   'call-bind': [ '1.0.8' ],
43 silly audit   'call-bind-apply-helpers': [ '1.0.2' ],
43 silly audit   'call-bound': [ '1.0.4' ],
43 silly audit   callsites: [ '3.1.0' ],
43 silly audit   'camera-controls': [ '3.1.2' ],
43 silly audit   'caniuse-lite': [ '1.0.30001787' ],
43 silly audit   chalk: [ '4.1.2' ],
43 silly audit   'client-only': [ '0.0.1' ],
43 silly audit   'color-convert': [ '2.0.1' ],
43 silly audit   'color-name': [ '1.1.4' ],
43 silly audit   'concat-map': [ '0.0.1' ],
43 silly audit   'convert-source-map': [ '2.0.0' ],
43 silly audit   'cross-env': [ '7.0.3' ],
43 silly audit   'cross-spawn': [ '7.0.6' ],
43 silly audit   csstype: [ '3.2.3' ],
43 silly audit   'damerau-levenshtein': [ '1.0.8' ],
43 silly audit   'data-view-buffer': [ '1.0.2' ],
43 silly audit   'data-view-byte-length': [ '1.0.2' ],
43 silly audit   'data-view-byte-offset': [ '1.0.1' ],
43 silly audit   debug: [ '4.4.3', '3.2.7' ],
43 silly audit   'deep-is': [ '0.1.4' ],
43 silly audit   'define-data-property': [ '1.1.4' ],
43 silly audit   'define-properties': [ '1.2.1' ],
43 silly audit   'detect-gpu': [ '5.0.70' ],
43 silly audit   'detect-libc': [ '2.1.2' ],
43 silly audit   doctrine: [ '2.1.0' ],
43 silly audit   draco3d: [ '1.5.7' ],
43 silly audit   'dunder-proto': [ '1.0.1' ],
43 silly audit   'electron-to-chromium': [ '1.5.333' ],
43 silly audit   'emoji-regex': [ '9.2.2' ],
43 silly audit   'enhanced-resolve': [ '5.20.1' ],
43 silly audit   'es-abstract': [ '1.24.2' ],
43 silly audit   'es-define-property': [ '1.0.1' ],
43 silly audit   'es-errors': [ '1.3.0' ],
43 silly audit   'es-iterator-helpers': [ '1.3.1' ],
43 silly audit   'es-object-atoms': [ '1.1.1' ],
43 silly audit   'es-set-tostringtag': [ '2.1.0' ],
43 silly audit   'es-shim-unscopables': [ '1.1.0' ],
43 silly audit   'es-to-primitive': [ '1.3.0' ],
43 silly audit   escalade: [ '3.2.0' ],
43 silly audit   'escape-string-regexp': [ '4.0.0' ],
43 silly audit   eslint: [ '9.39.4' ],
43 silly audit   'eslint-config-next': [ '16.2.2' ],
43 silly audit   globals: [ '16.4.0', '14.0.0' ],
43 silly audit   'eslint-import-resolver-node': [ '0.3.10' ],
43 silly audit   'eslint-import-resolver-typescript': [ '3.10.1' ],
43 silly audit   'eslint-module-utils': [ '2.12.1' ],
43 silly audit   'eslint-plugin-import': [ '2.32.0' ],
43 silly audit   'eslint-plugin-jsx-a11y': [ '6.10.2' ],
43 silly audit   'eslint-plugin-react': [ '7.37.5' ],
43 silly audit   'eslint-plugin-react-hooks': [ '7.0.1' ],
43 silly audit   'eslint-scope': [ '8.4.0' ],
43 silly audit   espree: [ '10.4.0' ],
43 silly audit   esquery: [ '1.7.0' ],
43 silly audit   esrecurse: [ '4.3.0' ],
43 silly audit   estraverse: [ '5.3.0' ],
43 silly audit   esutils: [ '2.0.3' ],
43 silly audit   'fast-deep-equal': [ '3.1.3' ],
43 silly audit   'fast-glob': [ '3.3.1' ],
43 silly audit   'glob-parent': [ '5.1.2', '6.0.2' ],
43 silly audit   'fast-json-stable-stringify': [ '2.1.0' ],
43 silly audit   'fast-levenshtein': [ '2.0.6' ],
43 silly audit   fastq: [ '1.20.1' ],
43 silly audit   fflate: [ '0.8.2', '0.6.10' ],
43 silly audit   'file-entry-cache': [ '8.0.0' ],
43 silly audit   'fill-range': [ '7.1.1' ],
43 silly audit   'find-up': [ '5.0.0' ],
43 silly audit   'flat-cache': [ '4.0.1' ],
43 silly audit   flatted: [ '3.4.2' ],
43 silly audit   'for-each': [ '0.3.5' ],
43 silly audit   'framer-motion': [ '12.38.0' ],
43 silly audit   'function-bind': [ '1.1.2' ],
43 silly audit   'function.prototype.name': [ '1.1.8' ],
43 silly audit   'functions-have-names': [ '1.2.3' ],
43 silly audit   'generator-function': [ '2.0.1' ],
43 silly audit   gensync: [ '1.0.0-beta.2' ],
43 silly audit   'get-intrinsic': [ '1.3.0' ],
43 silly audit   'get-proto': [ '1.0.1' ],
43 silly audit   'get-symbol-description': [ '1.1.0' ],
43 silly audit   'get-tsconfig': [ '4.13.7' ],
43 silly audit   globalthis: [ '1.0.4' ],
43 silly audit   'glsl-noise': [ '0.0.0' ],
43 silly audit   gopd: [ '1.2.0' ],
43 silly audit   'graceful-fs': [ '4.2.11' ],
43 silly audit   'has-bigints': [ '1.1.0' ],
43 silly audit   'has-flag': [ '4.0.0' ],
43 silly audit   'has-property-descriptors': [ '1.0.2' ],
43 silly audit   'has-proto': [ '1.2.0' ],
43 silly audit   'has-symbols': [ '1.1.0' ],
43 silly audit   'has-tostringtag': [ '1.0.2' ],
43 silly audit   hasown: [ '2.0.2' ],
43 silly audit   'hermes-estree': [ '0.25.1' ],
43 silly audit   'hermes-parser': [ '0.25.1' ],
43 silly audit   'hls.js': [ '1.6.15' ],
43 silly audit   ieee754: [ '1.2.1' ],
43 silly audit   immediate: [ '3.0.6' ],
43 silly audit   'import-fresh': [ '3.3.1' ],
43 silly audit   imurmurhash: [ '0.1.4' ],
43 silly audit   'internal-slot': [ '1.1.0' ],
43 silly audit   'is-array-buffer': [ '3.0.5' ],
43 silly audit   'is-async-function': [ '2.1.1' ],
43 silly audit   'is-bigint': [ '1.1.0' ],
43 silly audit   'is-boolean-object': [ '1.2.2' ],
43 silly audit   'is-bun-module': [ '2.0.0' ],
43 silly audit   'is-callable': [ '1.2.7' ],
43 silly audit   'is-core-module': [ '2.16.1' ],
43 silly audit   'is-data-view': [ '1.0.2' ],
43 silly audit   'is-date-object': [ '1.1.0' ],
43 silly audit   'is-extglob': [ '2.1.1' ],
43 silly audit   'is-finalizationregistry': [ '1.1.1' ],
43 silly audit   'is-generator-function': [ '1.1.2' ],
43 silly audit   'is-glob': [ '4.0.3' ],
43 silly audit   'is-map': [ '2.0.3' ],
43 silly audit   'is-negative-zero': [ '2.0.3' ],
43 silly audit   'is-number': [ '7.0.0' ],
43 silly audit   'is-number-object': [ '1.1.1' ],
43 silly audit   'is-promise': [ '2.2.2' ],
43 silly audit   'is-regex': [ '1.2.1' ],
43 silly audit   'is-set': [ '2.0.3' ],
43 silly audit   'is-shared-array-buffer': [ '1.0.4' ],
43 silly audit   'is-string': [ '1.1.1' ],
43 silly audit   'is-symbol': [ '1.1.1' ],
43 silly audit   'is-typed-array': [ '1.1.15' ],
43 silly audit   'is-weakmap': [ '2.0.2' ],
43 silly audit   'is-weakref': [ '1.1.1' ],
43 silly audit   'is-weakset': [ '2.0.4' ],
43 silly audit   isarray: [ '2.0.5' ],
43 silly audit   isexe: [ '2.0.0' ],
43 silly audit   'iterator.prototype': [ '1.1.5' ],
43 silly audit   'its-fine': [ '2.0.0' ],
43 silly audit   jiti: [ '2.6.1' ],
43 silly audit   'js-tokens': [ '4.0.0' ],
43 silly audit   'js-yaml': [ '4.1.1' ],
43 silly audit   jsesc: [ '3.1.0' ],
43 silly audit   'json-buffer': [ '3.0.1' ],
43 silly audit   'json-schema-traverse': [ '0.4.1' ],
43 silly audit   'json-stable-stringify-without-jsonify': [ '1.0.1' ],
43 silly audit   json5: [ '2.2.3', '1.0.2' ],
43 silly audit   'jsx-ast-utils': [ '3.3.5' ],
43 silly audit   keyv: [ '4.5.4' ],
43 silly audit   'language-subtag-registry': [ '0.3.23' ],
43 silly audit   'language-tags': [ '1.0.9' ],
43 silly audit   levn: [ '0.4.1' ],
43 silly audit   lie: [ '3.3.0' ],
43 silly audit   lightningcss: [ '1.32.0' ],
43 silly audit   'lightningcss-android-arm64': [ '1.32.0' ],
43 silly audit   'lightningcss-darwin-arm64': [ '1.32.0' ],
43 silly audit   'lightningcss-darwin-x64': [ '1.32.0' ],
43 silly audit   'lightningcss-freebsd-x64': [ '1.32.0' ],
43 silly audit   'lightningcss-linux-arm-gnueabihf': [ '1.32.0' ],
43 silly audit   'lightningcss-linux-arm64-gnu': [ '1.32.0' ],
43 silly audit   'lightningcss-linux-arm64-musl': [ '1.32.0' ],
43 silly audit   'lightningcss-linux-x64-gnu': [ '1.32.0' ],
43 silly audit   'lightningcss-linux-x64-musl': [ '1.32.0' ],
43 silly audit   'lightningcss-win32-arm64-msvc': [ '1.32.0' ],
43 silly audit   'lightningcss-win32-x64-msvc': [ '1.32.0' ],
43 silly audit   'locate-path': [ '6.0.0' ],
43 silly audit   'lodash.merge': [ '4.6.2' ],
43 silly audit   'loose-envify': [ '1.4.0' ],
43 silly audit   'lru-cache': [ '5.1.1' ],
43 silly audit   'lucide-react': [ '1.7.0' ],
43 silly audit   maath: [ '0.10.8' ],
43 silly audit   'magic-string': [ '0.30.21' ],
43 silly audit   'math-intrinsics': [ '1.1.0' ],
43 silly audit   merge2: [ '1.4.1' ],
43 silly audit   meshline: [ '3.3.1' ],
43 silly audit   meshoptimizer: [ '1.0.1' ],
43 silly audit   micromatch: [ '4.0.8' ],
43 silly audit   minimist: [ '1.2.8' ],
43 silly audit   'motion-dom': [ '12.38.0' ],
43 silly audit   'motion-utils': [ '12.36.0' ],
43 silly audit   ms: [ '2.1.3' ],
43 silly audit   nanoid: [ '3.3.11' ],
43 silly audit   'napi-postinstall': [ '0.3.4' ],
43 silly audit   'natural-compare': [ '1.4.0' ],
43 silly audit   next: [ '16.2.2' ],
43 silly audit   postcss: [ '8.4.31', '8.5.9' ],
43 silly audit   'node-exports-info': [ '1.6.0' ],
43 silly audit   'node-releases': [ '2.0.37' ],
43 silly audit   'object-assign': [ '4.1.1' ],
43 silly audit   'object-inspect': [ '1.13.4' ],
43 silly audit   'object-keys': [ '1.1.1' ],
43 silly audit   'object.assign': [ '4.1.7' ],
43 silly audit   'object.entries': [ '1.1.9' ],
43 silly audit   'object.fromentries': [ '2.0.8' ],
43 silly audit   'object.groupby': [ '1.0.3' ],
43 silly audit   'object.values': [ '1.2.1' ],
43 silly audit   optionator: [ '0.9.4' ],
43 silly audit   'own-keys': [ '1.0.1' ],
43 silly audit   'p-limit': [ '3.1.0' ],
43 silly audit   'p-locate': [ '5.0.0' ],
43 silly audit   'parent-module': [ '1.0.1' ],
43 silly audit   'path-exists': [ '4.0.0' ],
43 silly audit   'path-key': [ '3.1.1' ],
43 silly audit   'path-parse': [ '1.0.7' ],
43 silly audit   picocolors: [ '1.1.1' ],
43 silly audit   picomatch: [ '2.3.2', '4.0.4' ],
43 silly audit   'possible-typed-array-names': [ '1.1.0' ],
43 silly audit   potpack: [ '1.0.2' ],
43 silly audit   'prelude-ls': [ '1.2.1' ],
43 silly audit   'promise-worker-transferable': [ '1.0.4' ],
43 silly audit   'prop-types': [ '15.8.1' ],
43 silly audit   punycode: [ '2.3.1' ],
43 silly audit   'queue-microtask': [ '1.2.3' ],
43 silly audit   react: [ '19.2.4' ],
43 silly audit   'react-dom': [ '19.2.4' ],
43 silly audit   'react-is': [ '16.13.1' ],
43 silly audit   'react-use-measure': [ '2.1.7' ],
43 silly audit   'reflect.getprototypeof': [ '1.0.10' ],
43 silly audit   'regexp.prototype.flags': [ '1.5.4' ],
43 silly audit   'require-from-string': [ '2.0.2' ],
43 silly audit   resolve: [ '2.0.0-next.6' ],
43 silly audit   'resolve-from': [ '4.0.0' ],
43 silly audit   'resolve-pkg-maps': [ '1.0.0' ],
43 silly audit   reusify: [ '1.1.0' ],
43 silly audit   'run-parallel': [ '1.2.0' ],
43 silly audit   'safe-array-concat': [ '1.1.3' ],
43 silly audit   'safe-push-apply': [ '1.0.0' ],
43 silly audit   'safe-regex-test': [ '1.1.0' ],
43 silly audit   scheduler: [ '0.27.0' ],
43 silly audit   'set-function-length': [ '1.2.2' ],
43 silly audit   'set-function-name': [ '2.0.2' ],
43 silly audit   'set-proto': [ '1.0.0' ],
43 silly audit   sharp: [ '0.34.5' ],
43 silly audit   'shebang-command': [ '2.0.0' ],
43 silly audit   'shebang-regex': [ '3.0.0' ],
43 silly audit   'side-channel': [ '1.1.0' ],
43 silly audit   'side-channel-list': [ '1.0.0' ],
43 silly audit   'side-channel-map': [ '1.0.1' ],
43 silly audit   'side-channel-weakmap': [ '1.0.2' ],
43 silly audit   'source-map-js': [ '1.2.1' ],
43 silly audit   'stable-hash': [ '0.0.5' ],
43 silly audit   'stats-gl': [ '2.4.2' ],
43 silly audit   three: [ '0.170.0', '0.183.2' ],
43 silly audit   'stats.js': [ '0.17.0' ],
43 silly audit   'stop-iteration-iterator': [ '1.1.0' ],
43 silly audit   'string.prototype.includes': [ '2.0.1' ],
43 silly audit   'string.prototype.matchall': [ '4.0.12' ],
43 silly audit   'string.prototype.repeat': [ '1.0.0' ],
43 silly audit   'string.prototype.trim': [ '1.2.10' ],
43 silly audit   'string.prototype.trimend': [ '1.0.9' ],
43 silly audit   'string.prototype.trimstart': [ '1.0.8' ],
43 silly audit   'strip-bom': [ '3.0.0' ],
43 silly audit   'strip-json-comments': [ '3.1.1' ],
43 silly audit   'styled-jsx': [ '5.1.6' ],
43 silly audit   'supports-color': [ '7.2.0' ],
43 silly audit   'supports-preserve-symlinks-flag': [ '1.0.0' ],
43 silly audit   'suspend-react': [ '0.1.3' ],
43 silly audit   tailwindcss: [ '4.2.2' ],
43 silly audit   tapable: [ '2.3.2' ],
43 silly audit   'three-mesh-bvh': [ '0.8.3' ],
43 silly audit   'three-stdlib': [ '2.36.1' ],
43 silly audit   tinyglobby: [ '0.2.16' ],
43 silly audit   fdir: [ '6.5.0' ],
43 silly audit   'to-regex-range': [ '5.0.1' ],
43 silly audit   'troika-three-text': [ '0.52.4' ],
43 silly audit   'troika-three-utils': [ '0.52.4' ],
43 silly audit   'troika-worker-utils': [ '0.52.0' ],
43 silly audit   'ts-api-utils': [ '2.5.0' ],
43 silly audit   'tsconfig-paths': [ '3.15.0' ],
43 silly audit   tslib: [ '2.8.1' ],
43 silly audit   'tunnel-rat': [ '0.1.2' ],
43 silly audit   zustand: [ '4.5.7', '5.0.12' ],
43 silly audit   'type-check': [ '0.4.0' ],
43 silly audit   'typed-array-buffer': [ '1.0.3' ],
43 silly audit   'typed-array-byte-length': [ '1.0.3' ],
43 silly audit   'typed-array-byte-offset': [ '1.0.4' ],
43 silly audit   'typed-array-length': [ '1.0.7' ],
43 silly audit   typescript: [ '5.9.3' ],
43 silly audit   'typescript-eslint': [ '8.58.1' ],
43 silly audit   'unbox-primitive': [ '1.1.0' ],
43 silly audit   'undici-types': [ '6.21.0' ],
43 silly audit   'unrs-resolver': [ '1.11.1' ],
43 silly audit   'update-browserslist-db': [ '1.2.3' ],
43 silly audit   'uri-js': [ '4.4.1' ],
43 silly audit   'use-sync-external-store': [ '1.6.0' ],
43 silly audit   'utility-types': [ '3.11.0' ],
43 silly audit   'webgl-constants': [ '1.1.1' ],
43 silly audit   'webgl-sdf-generator': [ '1.1.1' ],
43 silly audit   which: [ '2.0.2' ],
43 silly audit   'which-boxed-primitive': [ '1.1.1' ],
43 silly audit   'which-builtin-type': [ '1.2.1' ],
43 silly audit   'which-collection': [ '1.0.2' ],
43 silly audit   'which-typed-array': [ '1.1.20' ],
43 silly audit   'word-wrap': [ '1.2.5' ],
43 silly audit   yallist: [ '3.1.1' ],
43 silly audit   'yocto-queue': [ '0.1.0' ],
43 silly audit   zod: [ '4.3.6' ],
43 silly audit   'zod-validation-error': [ '4.0.2' ],
43 silly audit   lenis: [ '1.3.21' ],
43 silly audit   '@tailwindcss/oxide-wasm32-wasi': [ '4.2.2' ]
43 silly audit }
44 verbose reify failed optional dependency /Users/user1/Documents/kinetic_coffee/node_modules/lightningcss-win32-x64-msvc
45 silly reify mark deleted [
45 silly reify   '/Users/user1/Documents/kinetic_coffee/node_modules/lightningcss-win32-x64-msvc'
45 silly reify ]
46 verbose reify failed optional dependency /Users/user1/Documents/kinetic_coffee/node_modules/lightningcss-win32-arm64-msvc
47 silly reify mark deleted [
47 silly reify   '/Users/user1/Documents/kinetic_coffee/node_modules/lightningcss-win32-arm64-msvc'
47 silly reify ]
48 verbose reify failed optional dependency /Users/user1/Documents/kinetic_coffee/node_modules/lightningcss-linux-x64-musl
49 silly reify mark deleted [
49 silly reify   '/Users/user1/Documents/kinetic_coffee/node_modules/lightningcss-linux-x64-musl'
49 silly reify ]
50 verbose reify failed optional dependency /Users/user1/Documents/kinetic_coffee/node_modules/lightningcss-linux-x64-gnu
51 silly reify mark deleted [
51 silly reify   '/Users/user1/Documents/kinetic_coffee/node_modules/lightningcss-linux-x64-gnu'
51 silly reify ]
52 verbose reify failed optional dependency /Users/user1/Documents/kinetic_coffee/node_modules/lightningcss-linux-arm64-musl
53 silly reify mark deleted [
53 silly reify   '/Users/user1/Documents/kinetic_coffee/node_modules/lightningcss-linux-arm64-musl'
53 silly reify ]
54 verbose reify failed optional dependency /Users/user1/Documents/kinetic_coffee/node_modules/lightningcss-linux-arm64-gnu
55 silly reify mark deleted [
55 silly reify   '/Users/user1/Documents/kinetic_coffee/node_modules/lightningcss-linux-arm64-gnu'
55 silly reify ]
56 verbose reify failed optional dependency /Users/user1/Documents/kinetic_coffee/node_modules/lightningcss-linux-arm-gnueabihf
57 silly reify mark deleted [
57 silly reify   '/Users/user1/Documents/kinetic_coffee/node_modules/lightningcss-linux-arm-gnueabihf'
57 silly reify ]
58 verbose reify failed optional dependency /Users/user1/Documents/kinetic_coffee/node_modules/lightningcss-freebsd-x64
59 silly reify mark deleted [
59 silly reify   '/Users/user1/Documents/kinetic_coffee/node_modules/lightningcss-freebsd-x64'
59 silly reify ]
60 verbose reify failed optional dependency /Users/user1/Documents/kinetic_coffee/node_modules/lightningcss-darwin-x64
61 silly reify mark deleted [
61 silly reify   '/Users/user1/Documents/kinetic_coffee/node_modules/lightningcss-darwin-x64'
61 silly reify ]
62 verbose reify failed optional dependency /Users/user1/Documents/kinetic_coffee/node_modules/lightningcss-android-arm64
63 silly reify mark deleted [
63 silly reify   '/Users/user1/Documents/kinetic_coffee/node_modules/lightningcss-android-arm64'
63 silly reify ]
64 verbose reify failed optional dependency /Users/user1/Documents/kinetic_coffee/node_modules/@unrs/resolver-binding-win32-x64-msvc
65 silly reify mark deleted [
65 silly reify   '/Users/user1/Documents/kinetic_coffee/node_modules/@unrs/resolver-binding-win32-x64-msvc'
65 silly reify ]
66 verbose reify failed optional dependency /Users/user1/Documents/kinetic_coffee/node_modules/@unrs/resolver-binding-win32-ia32-msvc
67 silly reify mark deleted [
67 silly reify   '/Users/user1/Documents/kinetic_coffee/node_modules/@unrs/resolver-binding-win32-ia32-msvc'
67 silly reify ]
68 verbose reify failed optional dependency /Users/user1/Documents/kinetic_coffee/node_modules/@unrs/resolver-binding-win32-arm64-msvc
69 silly reify mark deleted [
69 silly reify   '/Users/user1/Documents/kinetic_coffee/node_modules/@unrs/resolver-binding-win32-arm64-msvc'
69 silly reify ]
70 verbose reify failed optional dependency /Users/user1/Documents/kinetic_coffee/node_modules/@unrs/resolver-binding-wasm32-wasi
71 silly reify mark deleted [
71 silly reify   '/Users/user1/Documents/kinetic_coffee/node_modules/@unrs/resolver-binding-wasm32-wasi'
71 silly reify ]
72 verbose reify failed optional dependency /Users/user1/Documents/kinetic_coffee/node_modules/@unrs/resolver-binding-linux-x64-musl
73 silly reify mark deleted [
73 silly reify   '/Users/user1/Documents/kinetic_coffee/node_modules/@unrs/resolver-binding-linux-x64-musl'
73 silly reify ]
74 verbose reify failed optional dependency /Users/user1/Documents/kinetic_coffee/node_modules/@unrs/resolver-binding-linux-x64-gnu
75 silly reify mark deleted [
75 silly reify   '/Users/user1/Documents/kinetic_coffee/node_modules/@unrs/resolver-binding-linux-x64-gnu'
75 silly reify ]
76 verbose reify failed optional dependency /Users/user1/Documents/kinetic_coffee/node_modules/@unrs/resolver-binding-linux-s390x-gnu
77 silly reify mark deleted [
77 silly reify   '/Users/user1/Documents/kinetic_coffee/node_modules/@unrs/resolver-binding-linux-s390x-gnu'
77 silly reify ]
78 verbose reify failed optional dependency /Users/user1/Documents/kinetic_coffee/node_modules/@unrs/resolver-binding-linux-riscv64-musl
79 silly reify mark deleted [
79 silly reify   '/Users/user1/Documents/kinetic_coffee/node_modules/@unrs/resolver-binding-linux-riscv64-musl'
79 silly reify ]
80 verbose reify failed optional dependency /Users/user1/Documents/kinetic_coffee/node_modules/@unrs/resolver-binding-linux-riscv64-gnu
81 silly reify mark deleted [
81 silly reify   '/Users/user1/Documents/kinetic_coffee/node_modules/@unrs/resolver-binding-linux-riscv64-gnu'
81 silly reify ]
82 verbose reify failed optional dependency /Users/user1/Documents/kinetic_coffee/node_modules/@unrs/resolver-binding-linux-ppc64-gnu
83 silly reify mark deleted [
83 silly reify   '/Users/user1/Documents/kinetic_coffee/node_modules/@unrs/resolver-binding-linux-ppc64-gnu'
83 silly reify ]
84 verbose reify failed optional dependency /Users/user1/Documents/kinetic_coffee/node_modules/@unrs/resolver-binding-linux-arm64-musl
85 silly reify mark deleted [
85 silly reify   '/Users/user1/Documents/kinetic_coffee/node_modules/@unrs/resolver-binding-linux-arm64-musl'
85 silly reify ]
86 verbose reify failed optional dependency /Users/user1/Documents/kinetic_coffee/node_modules/@unrs/resolver-binding-linux-arm64-gnu
87 silly reify mark deleted [
87 silly reify   '/Users/user1/Documents/kinetic_coffee/node_modules/@unrs/resolver-binding-linux-arm64-gnu'
87 silly reify ]
88 verbose reify failed optional dependency /Users/user1/Documents/kinetic_coffee/node_modules/@unrs/resolver-binding-linux-arm-musleabihf
89 silly reify mark deleted [
89 silly reify   '/Users/user1/Documents/kinetic_coffee/node_modules/@unrs/resolver-binding-linux-arm-musleabihf'
89 silly reify ]
90 verbose reify failed optional dependency /Users/user1/Documents/kinetic_coffee/node_modules/@unrs/resolver-binding-linux-arm-gnueabihf
91 silly reify mark deleted [
91 silly reify   '/Users/user1/Documents/kinetic_coffee/node_modules/@unrs/resolver-binding-linux-arm-gnueabihf'
91 silly reify ]
92 verbose reify failed optional dependency /Users/user1/Documents/kinetic_coffee/node_modules/@unrs/resolver-binding-freebsd-x64
93 silly reify mark deleted [
93 silly reify   '/Users/user1/Documents/kinetic_coffee/node_modules/@unrs/resolver-binding-freebsd-x64'
93 silly reify ]
94 verbose reify failed optional dependency /Users/user1/Documents/kinetic_coffee/node_modules/@unrs/resolver-binding-darwin-x64
95 silly reify mark deleted [
95 silly reify   '/Users/user1/Documents/kinetic_coffee/node_modules/@unrs/resolver-binding-darwin-x64'
95 silly reify ]
96 verbose reify failed optional dependency /Users/user1/Documents/kinetic_coffee/node_modules/@unrs/resolver-binding-android-arm64
97 silly reify mark deleted [
97 silly reify   '/Users/user1/Documents/kinetic_coffee/node_modules/@unrs/resolver-binding-android-arm64'
97 silly reify ]
98 verbose reify failed optional dependency /Users/user1/Documents/kinetic_coffee/node_modules/@unrs/resolver-binding-android-arm-eabi
99 silly reify mark deleted [
99 silly reify   '/Users/user1/Documents/kinetic_coffee/node_modules/@unrs/resolver-binding-android-arm-eabi'
99 silly reify ]
100 verbose reify failed optional dependency /Users/user1/Documents/kinetic_coffee/node_modules/@tailwindcss/oxide-win32-x64-msvc
101 silly reify mark deleted [
101 silly reify   '/Users/user1/Documents/kinetic_coffee/node_modules/@tailwindcss/oxide-win32-x64-msvc'
101 silly reify ]
102 verbose reify failed optional dependency /Users/user1/Documents/kinetic_coffee/node_modules/@tailwindcss/oxide-win32-arm64-msvc
103 silly reify mark deleted [
103 silly reify   '/Users/user1/Documents/kinetic_coffee/node_modules/@tailwindcss/oxide-win32-arm64-msvc'
103 silly reify ]
104 verbose reify failed optional dependency /Users/user1/Documents/kinetic_coffee/node_modules/@tailwindcss/oxide-linux-x64-musl
105 silly reify mark deleted [
105 silly reify   '/Users/user1/Documents/kinetic_coffee/node_modules/@tailwindcss/oxide-linux-x64-musl'
105 silly reify ]
106 verbose reify failed optional dependency /Users/user1/Documents/kinetic_coffee/node_modules/@tailwindcss/oxide-linux-x64-gnu
107 silly reify mark deleted [
107 silly reify   '/Users/user1/Documents/kinetic_coffee/node_modules/@tailwindcss/oxide-linux-x64-gnu'
107 silly reify ]
108 verbose reify failed optional dependency /Users/user1/Documents/kinetic_coffee/node_modules/@tailwindcss/oxide-linux-arm64-musl
109 silly reify mark deleted [
109 silly reify   '/Users/user1/Documents/kinetic_coffee/node_modules/@tailwindcss/oxide-linux-arm64-musl'
109 silly reify ]
110 verbose reify failed optional dependency /Users/user1/Documents/kinetic_coffee/node_modules/@tailwindcss/oxide-linux-arm64-gnu
111 silly reify mark deleted [
111 silly reify   '/Users/user1/Documents/kinetic_coffee/node_modules/@tailwindcss/oxide-linux-arm64-gnu'
111 silly reify ]
112 verbose reify failed optional dependency /Users/user1/Documents/kinetic_coffee/node_modules/@tailwindcss/oxide-linux-arm-gnueabihf
113 silly reify mark deleted [
113 silly reify   '/Users/user1/Documents/kinetic_coffee/node_modules/@tailwindcss/oxide-linux-arm-gnueabihf'
113 silly reify ]
114 verbose reify failed optional dependency /Users/user1/Documents/kinetic_coffee/node_modules/@tailwindcss/oxide-freebsd-x64
115 silly reify mark deleted [
115 silly reify   '/Users/user1/Documents/kinetic_coffee/node_modules/@tailwindcss/oxide-freebsd-x64'
115 silly reify ]
116 verbose reify failed optional dependency /Users/user1/Documents/kinetic_coffee/node_modules/@tailwindcss/oxide-darwin-x64
117 silly reify mark deleted [
117 silly reify   '/Users/user1/Documents/kinetic_coffee/node_modules/@tailwindcss/oxide-darwin-x64'
117 silly reify ]
118 verbose reify failed optional dependency /Users/user1/Documents/kinetic_coffee/node_modules/@tailwindcss/oxide-android-arm64
119 silly reify mark deleted [
119 silly reify   '/Users/user1/Documents/kinetic_coffee/node_modules/@tailwindcss/oxide-android-arm64'
119 silly reify ]
120 verbose reify failed optional dependency /Users/user1/Documents/kinetic_coffee/node_modules/@next/swc-win32-x64-msvc
121 silly reify mark deleted [
121 silly reify   '/Users/user1/Documents/kinetic_coffee/node_modules/@next/swc-win32-x64-msvc'
121 silly reify ]
122 verbose reify failed optional dependency /Users/user1/Documents/kinetic_coffee/node_modules/@next/swc-win32-arm64-msvc
123 silly reify mark deleted [
123 silly reify   '/Users/user1/Documents/kinetic_coffee/node_modules/@next/swc-win32-arm64-msvc'
123 silly reify ]
124 verbose reify failed optional dependency /Users/user1/Documents/kinetic_coffee/node_modules/@next/swc-linux-x64-musl
125 silly reify mark deleted [
125 silly reify   '/Users/user1/Documents/kinetic_coffee/node_modules/@next/swc-linux-x64-musl'
125 silly reify ]
126 verbose reify failed optional dependency /Users/user1/Documents/kinetic_coffee/node_modules/@next/swc-linux-x64-gnu
127 silly reify mark deleted [
127 silly reify   '/Users/user1/Documents/kinetic_coffee/node_modules/@next/swc-linux-x64-gnu'
127 silly reify ]
128 verbose reify failed optional dependency /Users/user1/Documents/kinetic_coffee/node_modules/@next/swc-linux-arm64-musl
129 silly reify mark deleted [
129 silly reify   '/Users/user1/Documents/kinetic_coffee/node_modules/@next/swc-linux-arm64-musl'
129 silly reify ]
130 verbose reify failed optional dependency /Users/user1/Documents/kinetic_coffee/node_modules/@next/swc-linux-arm64-gnu
131 silly reify mark deleted [
131 silly reify   '/Users/user1/Documents/kinetic_coffee/node_modules/@next/swc-linux-arm64-gnu'
131 silly reify ]
132 verbose reify failed optional dependency /Users/user1/Documents/kinetic_coffee/node_modules/@next/swc-darwin-x64
133 silly reify mark deleted [
133 silly reify   '/Users/user1/Documents/kinetic_coffee/node_modules/@next/swc-darwin-x64'
133 silly reify ]
134 verbose reify failed optional dependency /Users/user1/Documents/kinetic_coffee/node_modules/@img/sharp-win32-x64
135 silly reify mark deleted [
135 silly reify   '/Users/user1/Documents/kinetic_coffee/node_modules/@img/sharp-win32-x64'
135 silly reify ]
136 verbose reify failed optional dependency /Users/user1/Documents/kinetic_coffee/node_modules/@img/sharp-win32-ia32
137 silly reify mark deleted [
137 silly reify   '/Users/user1/Documents/kinetic_coffee/node_modules/@img/sharp-win32-ia32'
137 silly reify ]
138 verbose reify failed optional dependency /Users/user1/Documents/kinetic_coffee/node_modules/@img/sharp-win32-arm64
139 silly reify mark deleted [
139 silly reify   '/Users/user1/Documents/kinetic_coffee/node_modules/@img/sharp-win32-arm64'
139 silly reify ]
140 verbose reify failed optional dependency /Users/user1/Documents/kinetic_coffee/node_modules/@img/sharp-wasm32
141 silly reify mark deleted [
141 silly reify   '/Users/user1/Documents/kinetic_coffee/node_modules/@img/sharp-wasm32'
141 silly reify ]
142 verbose reify failed optional dependency /Users/user1/Documents/kinetic_coffee/node_modules/@img/sharp-linuxmusl-x64
143 silly reify mark deleted [
143 silly reify   '/Users/user1/Documents/kinetic_coffee/node_modules/@img/sharp-linuxmusl-x64'
143 silly reify ]
144 verbose reify failed optional dependency /Users/user1/Documents/kinetic_coffee/node_modules/@img/sharp-linuxmusl-arm64
145 silly reify mark deleted [
145 silly reify   '/Users/user1/Documents/kinetic_coffee/node_modules/@img/sharp-linuxmusl-arm64'
145 silly reify ]
146 verbose reify failed optional dependency /Users/user1/Documents/kinetic_coffee/node_modules/@img/sharp-linux-x64
147 silly reify mark deleted [
147 silly reify   '/Users/user1/Documents/kinetic_coffee/node_modules/@img/sharp-linux-x64'
147 silly reify ]
148 verbose reify failed optional dependency /Users/user1/Documents/kinetic_coffee/node_modules/@img/sharp-linux-s390x
149 silly reify mark deleted [
149 silly reify   '/Users/user1/Documents/kinetic_coffee/node_modules/@img/sharp-linux-s390x'
149 silly reify ]
150 verbose reify failed optional dependency /Users/user1/Documents/kinetic_coffee/node_modules/@img/sharp-linux-riscv64
151 silly reify mark deleted [
151 silly reify   '/Users/user1/Documents/kinetic_coffee/node_modules/@img/sharp-linux-riscv64'
151 silly reify ]
152 verbose reify failed optional dependency /Users/user1/Documents/kinetic_coffee/node_modules/@img/sharp-linux-ppc64
153 silly reify mark deleted [
153 silly reify   '/Users/user1/Documents/kinetic_coffee/node_modules/@img/sharp-linux-ppc64'
153 silly reify ]
154 verbose reify failed optional dependency /Users/user1/Documents/kinetic_coffee/node_modules/@img/sharp-linux-arm64
155 silly reify mark deleted [
155 silly reify   '/Users/user1/Documents/kinetic_coffee/node_modules/@img/sharp-linux-arm64'
155 silly reify ]
156 verbose reify failed optional dependency /Users/user1/Documents/kinetic_coffee/node_modules/@img/sharp-linux-arm
157 silly reify mark deleted [
157 silly reify   '/Users/user1/Documents/kinetic_coffee/node_modules/@img/sharp-linux-arm'
157 silly reify ]
158 verbose reify failed optional dependency /Users/user1/Documents/kinetic_coffee/node_modules/@img/sharp-libvips-linuxmusl-x64
159 silly reify mark deleted [
159 silly reify   '/Users/user1/Documents/kinetic_coffee/node_modules/@img/sharp-libvips-linuxmusl-x64'
159 silly reify ]
160 verbose reify failed optional dependency /Users/user1/Documents/kinetic_coffee/node_modules/@img/sharp-libvips-linuxmusl-arm64
161 silly reify mark deleted [
161 silly reify   '/Users/user1/Documents/kinetic_coffee/node_modules/@img/sharp-libvips-linuxmusl-arm64'
161 silly reify ]
162 verbose reify failed optional dependency /Users/user1/Documents/kinetic_coffee/node_modules/@img/sharp-libvips-linux-x64
163 silly reify mark deleted [
163 silly reify   '/Users/user1/Documents/kinetic_coffee/node_modules/@img/sharp-libvips-linux-x64'
163 silly reify ]
164 verbose reify failed optional dependency /Users/user1/Documents/kinetic_coffee/node_modules/@img/sharp-libvips-linux-s390x
165 silly reify mark deleted [
165 silly reify   '/Users/user1/Documents/kinetic_coffee/node_modules/@img/sharp-libvips-linux-s390x'
165 silly reify ]
166 verbose reify failed optional dependency /Users/user1/Documents/kinetic_coffee/node_modules/@img/sharp-libvips-linux-riscv64
167 silly reify mark deleted [
167 silly reify   '/Users/user1/Documents/kinetic_coffee/node_modules/@img/sharp-libvips-linux-riscv64'
167 silly reify ]
168 verbose reify failed optional dependency /Users/user1/Documents/kinetic_coffee/node_modules/@img/sharp-libvips-linux-ppc64
169 silly reify mark deleted [
169 silly reify   '/Users/user1/Documents/kinetic_coffee/node_modules/@img/sharp-libvips-linux-ppc64'
169 silly reify ]
170 verbose reify failed optional dependency /Users/user1/Documents/kinetic_coffee/node_modules/@img/sharp-libvips-linux-arm64
171 silly reify mark deleted [
171 silly reify   '/Users/user1/Documents/kinetic_coffee/node_modules/@img/sharp-libvips-linux-arm64'
171 silly reify ]
172 verbose reify failed optional dependency /Users/user1/Documents/kinetic_coffee/node_modules/@img/sharp-libvips-linux-arm
173 silly reify mark deleted [
173 silly reify   '/Users/user1/Documents/kinetic_coffee/node_modules/@img/sharp-libvips-linux-arm'
173 silly reify ]
174 verbose reify failed optional dependency /Users/user1/Documents/kinetic_coffee/node_modules/@img/sharp-libvips-darwin-x64
175 silly reify mark deleted [
175 silly reify   '/Users/user1/Documents/kinetic_coffee/node_modules/@img/sharp-libvips-darwin-x64'
175 silly reify ]
176 verbose reify failed optional dependency /Users/user1/Documents/kinetic_coffee/node_modules/@img/sharp-darwin-x64
177 silly reify mark deleted [
177 silly reify   '/Users/user1/Documents/kinetic_coffee/node_modules/@img/sharp-darwin-x64'
177 silly reify ]
178 silly tarball no local data for lenis@https://registry.npmjs.org/lenis/-/lenis-1.3.21.tgz. Extracting by manifest.
179 http fetch GET 200 https://registry.npmjs.org/lenis/-/lenis-1.3.21.tgz 200ms (cache miss)
180 http fetch POST 200 https://registry.npmjs.org/-/npm/v1/security/advisories/bulk 322ms
181 silly audit report {}
182 silly ADD node_modules/lenis
183 silly ADD
184 silly ADD
185 silly ADD
186 silly ADD
187 silly ADD
188 silly ADD
189 silly ADD
190 silly ADD
191 silly ADD
192 silly ADD
193 silly ADD
194 silly ADD
195 silly ADD
196 silly ADD
197 silly ADD
198 silly ADD
199 silly ADD
200 silly ADD
201 silly ADD
202 silly ADD
203 silly ADD
204 silly ADD
205 silly ADD
206 silly ADD
207 silly ADD
208 silly ADD
209 silly ADD
210 silly ADD
211 silly ADD
212 silly ADD
213 silly ADD
214 silly ADD
215 silly ADD
216 silly ADD
217 silly ADD
218 silly ADD
219 silly ADD
220 silly ADD
221 silly ADD
222 silly ADD
223 silly ADD
224 silly ADD
225 silly ADD
226 silly ADD
227 silly ADD
228 silly ADD
229 silly ADD
230 silly ADD
231 silly ADD
232 silly ADD
233 silly ADD
234 silly ADD
235 silly ADD
236 silly ADD
237 silly ADD
238 silly ADD
239 silly ADD
240 silly ADD
241 silly ADD
242 silly ADD
243 silly ADD
244 silly ADD
245 silly ADD
246 silly ADD
247 silly ADD
248 silly ADD
249 silly ADD
250 silly ADD
251 verbose cwd /Users/user1/Documents/kinetic_coffee
252 verbose os Darwin 25.3.0
253 verbose node v23.3.0
254 verbose npm  v10.9.0
255 notice
255 notice New [31mmajor[39m version of npm available! [31m10.9.0[39m -> [34m11.12.1[39m
255 notice Changelog: [34mhttps://github.com/npm/cli/releases/tag/v11.12.1[39m
255 notice To update run: [4mnpm install -g npm@11.12.1[24m
255 notice  { force: true, [Symbol(proc-log.meta)]: true }
256 verbose exit 0
257 info ok
